[backblue.gif]
[fade.gif]
[index.html]
[alomart1.shop/storage/photos/1/ADMIN1/logo.png]
[alomart1.shop/themes/bootstrap/bootstrap.min.js]
[alomart1.shop/themes/bootstrap/jquery.min.js]
[connect.facebook.net/en_US/fbevents.js]
[www.google-analytics.com/analytics.js]
[alomart1.shop/themes/vnshop8/lucky-wheel/media/easter_bottom.png]
[alomart1.shop/themes/vnshop8/lucky-wheel/media/slogan.jpg]
[alomart1.shop/themes/vnshop8/lucky-wheel/media/gift.png]
[alomart1.shop/storage/photos/1/sunisa 5.jpg]
[alomart1.shop/storage/photos/1/sunisa 4.png]
[alomart1.shop/storage/photos/1/sunisa 6.jpg]
[alomart1.shop/storage/photos/1/sunisa 3.png]
[alomart1.shop/storage/photos/1/sunisa 2.jpg]
[alomart1.shop/storage/photos/1/giả xăm 5.png]
[alomart1.shop/storage/photos/1/sunisa 8.jpg]
[alomart1.shop/storage/photos/1/sunisa 7.jpg]
[alomart1.shop/storage/photos/1/sunisa 9.jpg]
[alomart1.shop/storage/photos/1/sunisa 10.png]
[alomart1.shop/storage/photos/1/trang/máy masage mắt.jpg]
[alomart1.shop/storage/photos/1/Dat 2/KEO TẠO HÌNH TRANG SỨC/G/1.jpg]
[alomart1.shop/storage/photos/1/Dat 2/SON NHUỘM TÓC/G/1.png.jpg]
[alomart1.shop/storage/photos/9/KHUYÊN TAI PHÁT SÁNG/AVATA/3.jpg]
[alomart1.shop/storage/photos/1/Dat 2/XÀ BÔNG TAN MỠ/G/1.jpg]
[alomart1.shop/storage/photos/1/Dat 2/BÚT CHE KHUYẾT ĐIỂM/G/1.jpg]
[alomart1.shop/storage/photos/1/Dat 2/CHUỐT MI KIM TUYẾN/G/1.jpg]
[alomart1.shop/storage/photos/1/Dat 2/SERUM TRỊ THÂM/G/1.jpg]
[alomart1.shop/storage/photos/1/Dat 2/KEM TẨY LÔNG/G/1.PNG.jpg]
[alomart1.shop/themes/vnshop8/image/spin-banner.png]
[alomart1.shop/themes/vnshop8/checkout/js/jquery.blockUI.js]
[alomart1.shop/themes/vnshop8/js/libs/jquery.lazyload.min.js]
[alomart1.shop/themes/vnshop8/js/libs/swiper/js/swiper.min.js]
[alomart1.shop/themes/vnshop8/js/libs/libs.js]
[alomart1.shop/themes/vnshop8/js/page/index.min-v=3.js]
[alomart1.shop/themes/vnshop8/js/page/item.min-v=4.js]
[alomart1.shop/themes/vnshop8/lucky-wheel/js/superwheel.js]
[alomart1.shop/products/phan-nen.html]
[alomart1.shop/themes/vnshop8/lucky-wheel/js/sweetalert2.min.js]
[alomart1.shop/themes/vnshop8/css/app.min-v=9.css]
[alomart1.shop/themes/vnshop8/js/libs/swiper/css/swiper.min.css]
[alomart1.shop/themes/vnshop8/icon/icon-home.png]
[alomart1.shop/themes/vnshop8/icon/icon-home-white.png]
[alomart1.shop/themes/vnshop8/icon/icon-home-active.png]
[alomart1.shop/themes/vnshop8/icon/icon-category.png]
[alomart1.shop/themes/vnshop8/icon/icon-category-active.png]
[alomart1.shop/themes/vnshop8/icon/icon-inquery.png]
[alomart1.shop/themes/vnshop8/icon/icon-inquery-2.png]
[alomart1.shop/themes/vnshop8/icon/icon-share.png]
[alomart1.shop/themes/vnshop8/icon/icon-share-scroll.png]
[alomart1.shop/themes/vnshop8/icon/icon-user.png]
[alomart1.shop/themes/vnshop8/icon/icon-user-white.png]
[alomart1.shop/themes/vnshop8/icon/icon-user-active.png]
[alomart1.shop/themes/vnshop8/icon/icon-discount.png]
[alomart1.shop/themes/vnshop8/icon/icon-delete.png]
[img-ec.youcdn.net/b3/1c/b31c3599f222f830a395685037f2b3d8.png]
[alomart1.shop/themes/vnshop8/icon/icon-success.png]
[alomart1.shop/themes/vnshop8/icon/icon-hot.png]
[alomart1.shop/themes/vnshop8/icon/icon-product-header.jpg]
[alomart1.shop/themes/vnshop8/icon/flash-sale-list.png]
[alomart1.shop/themes/vnshop8/icon/icon-close.png]
[alomart1.shop/themes/vnshop8/icon/small-picture.png]
[alomart1.shop/themes/vnshop8/icon/address-bottom-img.png]
[alomart1.shop/themes/vnshop8/css/main.min-v=11.css]
[alomart1.shop/themes/vnshop8/css/animate.min.css]
[alomart1.shop/themes/vnshop8/js/libs/photoswipe/photoswipe.css]
[alomart1.shop/themes/vnshop8/js/libs/photoswipe/default-skin/default-skin.png]
[alomart1.shop/themes/vnshop8/js/libs/photoswipe/default-skin/preloader.gif]
[alomart1.shop/themes/vnshop8/js/libs/photoswipe/default-skin/default-skin.css]
[alomart1.shop/themes/vnshop8/css/custom.css]
[alomart1.shop/themes/vnshop8/lucky-wheel/css/reset.css]
[alomart1.shop/themes/vnshop8/lucky-wheel/css/sweetalert2.min.css]
[alomart1.shop/themes/vnshop8/lucky-wheel/css/superwheel.css]
[alomart1.shop/themes/vnshop8/lucky-wheel/css/style.css]
[alomart1.shop/themes/bootstrap/bootstrap.min.css]
[connect.facebook.net/en_US/fbevents.js]
[alomart1.shop/products/may-mat.html]
[alomart1.shop/storage/photos/1/Dat 2/KEO TẠO HÌNH TRANG SỨC/G/2.jpg]
[alomart1.shop/storage/photos/1/Dat 2/KEO TẠO HÌNH TRANG SỨC/G/3.jpg]
[alomart1.shop/storage/photos/1/Dat 2/KEO TẠO HÌNH TRANG SỨC/G/Capture.PNG.jpg]
[alomart1.shop/storage/photos/1/Dat 2/KEO TẠO HÌNH TRANG SỨC/G/Capture1.PNG.jpg]
[alomart1.shop/storage/photos/1/diem-vo-han-1m4G3-hdaGtT_simg_d0daf0_800x1200_max_1024x1024_2x.jpg]
[alomart1.shop/storage/photos/1/Dat 2/KEO TẠO HÌNH TRANG SỨC/FB1.jpg]
[alomart1.shop/storage/photos/1/Dat 2/KEO TẠO HÌNH TRANG SỨC/FB2.jpg]
[alomart1.shop/storage/photos/1/Dat 2/KEO TẠO HÌNH TRANG SỨC/FB3.jpg]
[alomart1.shop/storage/photos/1/Dat 2/KEO TẠO HÌNH TRANG SỨC/FB4.jpg]
[alomart1.shop/storage/photos/1/Dat 2/KEO TẠO HÌNH TRANG SỨC/6.jpg]
[alomart1.shop/storage/photos/1/Dat 2/KEO TẠO HÌNH TRANG SỨC/6-2.jpg]
[alomart1.shop/products/keo-crystal.html]
[alomart1.shop/storage/photos/1/Dat 2/SON NHUỘM TÓC/G/2.png.jpg]
[alomart1.shop/storage/photos/1/Dat 2/SON NHUỘM TÓC/G/3.jpg]
[alomart1.shop/storage/photos/1/Dat 2/SON NHUỘM TÓC/G/4.jpg]
[alomart1.shop/storage/photos/1/Dat 2/SON NHUỘM TÓC/FB1.jpg]
[alomart1.shop/storage/photos/1/Dat 2/SON NHUỘM TÓC/FB2.jpg]
[alomart1.shop/storage/photos/1/Dat 2/SON NHUỘM TÓC/FB3.jpg]
[alomart1.shop/storage/photos/1/Dat 2/SON NHUỘM TÓC/FB4.jpg]
[alomart1.shop/storage/photos/1/Dat 2/SON NHUỘM TÓC/6.png.jpg]
[alomart1.shop/storage/photos/1/Dat 2/SON NHUỘM TÓC/9.png.jpg]
[alomart1.shop/products/nhuom-toc.html]
[alomart1.shop/storage/photos/9/KHUYÊN TAI PHÁT SÁNG/AVATA/2.jpg]
[alomart1.shop/storage/photos/9/KHUYÊN TAI PHÁT SÁNG/AVATA/5.jpg]
[alomart1.shop/storage/photos/9/KHUYÊN TAI PHÁT SÁNG/AVATA/4.jpg]
[alomart1.shop/storage/photos/9/KHUYÊN TAI PHÁT SÁNG/fback/1.png]
[alomart1.shop/storage/photos/9/KHUYÊN TAI PHÁT SÁNG/WEB/1.jpg]
[alomart1.shop/storage/photos/9/KHUYÊN TAI PHÁT SÁNG/WEB/2.jpg]
[alomart1.shop/products/khuyen-tai.html]
[alomart1.shop/storage/photos/1/Dat 2/XÀ BÔNG TAN MỠ/G/2.jpg]
[alomart1.shop/storage/photos/1/Dat 2/XÀ BÔNG TAN MỠ/G/3.jpg]
[alomart1.shop/storage/photos/1/Dat 2/XÀ BÔNG TAN MỠ/G/4.jpg]
[alomart1.shop/storage/photos/1/Dat 2/XÀ BÔNG TAN MỠ/G/5.jpg]
[alomart1.shop/storage/photos/1/Dat 2/XÀ BÔNG TAN MỠ/6.jpg]
[alomart1.shop/storage/photos/1/Dat 2/XÀ BÔNG TAN MỠ/13.jpg]
[alomart1.shop/products/xa-bong.html]
[alomart1.shop/storage/photos/1/Dat 2/BÚT CHE KHUYẾT ĐIỂM/G/2.jpg]
[alomart1.shop/storage/photos/1/Dat 2/BÚT CHE KHUYẾT ĐIỂM/G/3.jpg]
[alomart1.shop/storage/photos/1/Dat 2/BÚT CHE KHUYẾT ĐIỂM/G/4.jpg]
[alomart1.shop/storage/photos/1/Dat 2/BÚT CHE KHUYẾT ĐIỂM/G/5.jpg]
[alomart1.shop/storage/photos/1/Dat 2/BÚT CHE KHUYẾT ĐIỂM/FB1.jpg]
[alomart1.shop/storage/photos/1/Dat 2/BÚT CHE KHUYẾT ĐIỂM/FB2.jpg]
[alomart1.shop/storage/photos/1/Dat 2/BÚT CHE KHUYẾT ĐIỂM/FB3.jpg]
[alomart1.shop/storage/photos/1/Dat 2/BÚT CHE KHUYẾT ĐIỂM/FB4.jpg]
[alomart1.shop/storage/photos/1/Dat 2/BÚT CHE KHUYẾT ĐIỂM/7.PNG.jpg]
[alomart1.shop/products/famyselt.html]
[alomart1.shop/storage/photos/1/Dat 2/CHUỐT MI KIM TUYẾN/G/2.jpg]
[alomart1.shop/storage/photos/1/Dat 2/CHUỐT MI KIM TUYẾN/G/3.jpg]
[alomart1.shop/storage/photos/1/Dat 2/CHUỐT MI KIM TUYẾN/G/4.jpg]
[alomart1.shop/storage/photos/1/Dat 2/CHUỐT MI KIM TUYẾN/FB1.jpg]
[alomart1.shop/storage/photos/1/Dat 2/CHUỐT MI KIM TUYẾN/FB2.jpg]
[alomart1.shop/storage/photos/1/Dat 2/CHUỐT MI KIM TUYẾN/FB3.jpg]
[alomart1.shop/storage/photos/1/Dat 2/CHUỐT MI KIM TUYẾN/FB4.jpg]
[alomart1.shop/storage/photos/1/Dat 2/CHUỐT MI KIM TUYẾN/FB5.jpg]
[alomart1.shop/storage/photos/1/Dat 2/CHUỐT MI KIM TUYẾN/6.jpg]
[alomart1.shop/storage/photos/1/Dat 2/CHUỐT MI KIM TUYẾN/10.jpg]
[alomart1.shop/products/chuot-mi.html]
[alomart1.shop/storage/photos/1/Dat 2/SERUM TRỊ THÂM/G/2.jpg]
[alomart1.shop/storage/photos/1/Dat 2/SERUM TRỊ THÂM/G/3.jpg]
[alomart1.shop/storage/photos/1/Dat 2/SERUM TRỊ THÂM/G/4.jpg]
[alomart1.shop/storage/photos/1/Dat 2/SERUM TRỊ THÂM/G/5.jpg]
[alomart1.shop/storage/photos/1/Dat 2/SERUM TRỊ THÂM/FB1.jpg]
[alomart1.shop/storage/photos/1/Dat 2/SERUM TRỊ THÂM/FB2.jpg]
[alomart1.shop/storage/photos/1/Dat 2/SERUM TRỊ THÂM/FB3.jpg]
[alomart1.shop/storage/photos/1/Dat 2/SERUM TRỊ THÂM/FB4.jpg]
[alomart1.shop/storage/photos/1/Dat 2/SERUM TRỊ THÂM/6.jpg]
[alomart1.shop/products/serum-tri-tham-han-quoc-jiuhe.html]
[alomart1.shop/storage/photos/1/Dat 2/KEM TẨY LÔNG/G/2.PNG.jpg]
[alomart1.shop/storage/photos/1/Dat 2/KEM TẨY LÔNG/G/3.PNG.jpg]
[alomart1.shop/storage/photos/1/Dat 2/KEM TẨY LÔNG/G/4.jpg]
[alomart1.shop/storage/photos/1/Dat 2/KEM TẨY LÔNG/G/5.jpg]
[alomart1.shop/storage/photos/1/Dat 2/KEM TẨY LÔNG/Capture1.png]
[alomart1.shop/storage/photos/1/Dat 2/KEM TẨY LÔNG/FB1.jpg]
[alomart1.shop/storage/photos/1/Dat 2/KEM TẨY LÔNG/FB2.jpg]
[alomart1.shop/storage/photos/1/Dat 2/KEM TẨY LÔNG/FB3.jpg]
[alomart1.shop/storage/photos/1/Dat 2/KEM TẨY LÔNG/6.png.jpg]
[alomart1.shop/products/kem-tay.html]
[alomart1.shop/themes/vnshop8/css/assets/icon/logo.png.html]
[alomart1.shop/themes/vnshop8/css/assets/icon/logo2.png.html]
[alomart1.shop/themes/vnshop8/js/libs/photoswipe/default-skin/default-skin.svg]
[alomart1.shop/products/POST.html]
